<html>
<body>
<pre>
<h1>µVision Build Log</h1>
<h2>Project:</h2>
F:\mca_lab\Stepper_motor_ExtInterrupt_LPC2148\Keil\Stepper_ExtInterrupt_LPC2148.uvproj
Project File Date:  01/12/2022

<h2>Output:</h2>
Rebuild target 'Target 1'
assembling Startup.s...
compiling Stepper_ExtInterrupt_LPC2148.c...
linking...
Program Size: Code=1376 RO-data=16 RW-data=0 ZI-data=1256  
FromELF: creating hex file...
".\Objects\Stepper_ExtInterrupt_LPC2148.axf" - 0 Error(s), 0 Warning(s).
Code=1376 RO-data=16 RW-data=0 ZI-data=1256  
FromELF: creating hex file...
".\Objects\Stepper_ExtInterrupt_LPC2148.axf" - 0 Error(s), 1 Warning(s).
